###############################################################################
#
# IAR ELF Linker V7.20.2.7424/W32 for ARM                 31/Aug/2016  14:30:03
# Copyright 2007-2014 IAR Systems AB.
#
#    Output file  =  H:\上午最终的程序\Prj\IAR\FN15_Debug\Exe\vcan_Kinetis.out
#    Map file     =  H:\上午最终的程序\Prj\IAR\FN15_Debug\List\vcan_Kinetis.map
#    Command line =  
#        H:\上午最终的程序\Prj\IAR\FN15_Debug\Obj\Control.o
#        H:\上午最终的程序\Prj\IAR\FN15_Debug\Obj\diskio.o
#        H:\上午最终的程序\Prj\IAR\FN15_Debug\Obj\ff.o
#        H:\上午最终的程序\Prj\IAR\FN15_Debug\Obj\LCD.o
#        H:\上午最终的程序\Prj\IAR\FN15_Debug\Obj\main.o
#        H:\上午最终的程序\Prj\IAR\FN15_Debug\Obj\misc.o
#        H:\上午最终的程序\Prj\IAR\FN15_Debug\Obj\MK60_adc.o
#        H:\上午最终的程序\Prj\IAR\FN15_Debug\Obj\MK60_can.o
#        H:\上午最终的程序\Prj\IAR\FN15_Debug\Obj\MK60_conf.o
#        H:\上午最终的程序\Prj\IAR\FN15_Debug\Obj\MK60_dac.o
#        H:\上午最终的程序\Prj\IAR\FN15_Debug\Obj\MK60_dma.o
#        H:\上午最终的程序\Prj\IAR\FN15_Debug\Obj\MK60_DWT.o
#        H:\上午最终的程序\Prj\IAR\FN15_Debug\Obj\MK60_flash.o
#        H:\上午最终的程序\Prj\IAR\FN15_Debug\Obj\MK60_flexbus.o
#        H:\上午最终的程序\Prj\IAR\FN15_Debug\Obj\MK60_ftm.o
#        H:\上午最终的程序\Prj\IAR\FN15_Debug\Obj\MK60_gpio.o
#        H:\上午最终的程序\Prj\IAR\FN15_Debug\Obj\MK60_i2c.o
#        H:\上午最终的程序\Prj\IAR\FN15_Debug\Obj\MK60_it.o
#        H:\上午最终的程序\Prj\IAR\FN15_Debug\Obj\MK60_lptmr.o
#        H:\上午最终的程序\Prj\IAR\FN15_Debug\Obj\MK60_mcg.o
#        H:\上午最终的程序\Prj\IAR\FN15_Debug\Obj\MK60_PIT.o
#        H:\上午最终的程序\Prj\IAR\FN15_Debug\Obj\MK60_port.o
#        H:\上午最终的程序\Prj\IAR\FN15_Debug\Obj\MK60_rtc.o
#        H:\上午最终的程序\Prj\IAR\FN15_Debug\Obj\MK60_sdhc.o
#        H:\上午最终的程序\Prj\IAR\FN15_Debug\Obj\MK60_spi.o
#        H:\上午最终的程序\Prj\IAR\FN15_Debug\Obj\MK60_SysTick.o
#        H:\上午最终的程序\Prj\IAR\FN15_Debug\Obj\MK60_uart.o
#        H:\上午最终的程序\Prj\IAR\FN15_Debug\Obj\MK60_usb.o
#        H:\上午最终的程序\Prj\IAR\FN15_Debug\Obj\MK60_wdog.o
#        H:\上午最终的程序\Prj\IAR\FN15_Debug\Obj\Mutily_Line.o
#        H:\上午最终的程序\Prj\IAR\FN15_Debug\Obj\Pid.o
#        H:\上午最终的程序\Prj\IAR\FN15_Debug\Obj\Signal.o
#        H:\上午最终的程序\Prj\IAR\FN15_Debug\Obj\startup_MK60DZ10.o
#        H:\上午最终的程序\Prj\IAR\FN15_Debug\Obj\system_MK60DZ10.o
#        "H:\上午最终的程序\Prj\IAR\FN15_Debug\Obj\upper monitor.o"
#        H:\上午最终的程序\Prj\IAR\FN15_Debug\Obj\USB.o
#        H:\上午最终的程序\Prj\IAR\FN15_Debug\Obj\USB_CDC.o
#        H:\上午最终的程序\Prj\IAR\FN15_Debug\Obj\VCAN_ASCII.o
#        H:\上午最终的程序\Prj\IAR\FN15_Debug\Obj\VCAN_BMP.o
#        H:\上午最终的程序\Prj\IAR\FN15_Debug\Obj\VCAN_camera.o
#        H:\上午最终的程序\Prj\IAR\FN15_Debug\Obj\VCAN_computer.o
#        H:\上午最终的程序\Prj\IAR\FN15_Debug\Obj\vcan_img2sd.o
#        H:\上午最终的程序\Prj\IAR\FN15_Debug\Obj\VCAN_key.o
#        H:\上午最终的程序\Prj\IAR\FN15_Debug\Obj\VCAN_key_event.o
#        H:\上午最终的程序\Prj\IAR\FN15_Debug\Obj\VCAN_LCD.o
#        H:\上午最终的程序\Prj\IAR\FN15_Debug\Obj\VCAN_LCD_CH.o
#        H:\上午最终的程序\Prj\IAR\FN15_Debug\Obj\VCAN_LCD_ILI9341.o
#        H:\上午最终的程序\Prj\IAR\FN15_Debug\Obj\VCAN_LCD_ST7735R.o
#        H:\上午最终的程序\Prj\IAR\FN15_Debug\Obj\VCAN_LCD_ST7735S.o
#        H:\上午最终的程序\Prj\IAR\FN15_Debug\Obj\VCAN_LED.o
#        H:\上午最终的程序\Prj\IAR\FN15_Debug\Obj\VCAN_MMA7455.o
#        H:\上午最终的程序\Prj\IAR\FN15_Debug\Obj\VCAN_NRF24L0.o
#        H:\上午最终的程序\Prj\IAR\FN15_Debug\Obj\VCAN_NRF24L0_MSG.o
#        H:\上午最终的程序\Prj\IAR\FN15_Debug\Obj\VCAN_OV7725_Eagle.o
#        H:\上午最终的程序\Prj\IAR\FN15_Debug\Obj\VCAN_OV7725_Wolf.o
#        H:\上午最终的程序\Prj\IAR\FN15_Debug\Obj\VCAN_RTC_count.o
#        H:\上午最终的程序\Prj\IAR\FN15_Debug\Obj\VCAN_SCCB.o
#        H:\上午最终的程序\Prj\IAR\FN15_Debug\Obj\vcan_sd_app.o
#        H:\上午最终的程序\Prj\IAR\FN15_Debug\Obj\Vcan_touch.o
#        H:\上午最终的程序\Prj\IAR\FN15_Debug\Obj\VCAN_TSL1401.o
#        H:\上午最终的程序\Prj\IAR\FN15_Debug\Obj\VCAN_UI_VAR.o
#        H:\上午最终的程序\Prj\IAR\FN15_Debug\Obj\vectors.o --redirect
#        _Printf=_PrintfLargeNoMb --redirect _Scanf=_ScanfLargeNoMb -o
#        H:\上午最终的程序\Prj\IAR\FN15_Debug\Exe\vcan_Kinetis.out --map
#        H:\上午最终的程序\Prj\IAR\FN15_Debug\List\vcan_Kinetis.map --config
#        "H:\上午最终的程序\Prj\IAR\config files\vcan_ROM_K60N1M.icf"
#        H:\上午最终的程序\Prj\IAR\..\..\Lib\CMSIS\iar_cortexM4l_math.a --entry
#        __iar_program_start --redirect __write=__write_buffered --vfe
#
###############################################################################

*******************************************************************************
*** RUNTIME MODEL ATTRIBUTES
***

CppFlavor       = *
__SystemLibrary = DLib


*******************************************************************************
*** PLACEMENT SUMMARY
***

"A1":  place at 0x00000000 { ro section .intvec };
"A2":  place at 0x00000410 { ro section .noinit };
"P1":  place in [from 0x00000000 to 0x00100000] { ro, block CodeRelocate };
"P2":  place in [from 0x1fff0410 to 0x20010000] {
          rw, block CodeRelocateRam, block CSTACK, block HEAP };

  Section              Kind        Address    Size  Object
  -------              ----        -------    ----  ------
"A1":                                        0x410
  .intvec              const    0x00000000   0x410  vectors.o [1]
                              - 0x00000410   0x410

"P1", part 1 of 2:                             0x0
  .rodata              const    0x00000410     0x0  zero_init3.o [5]

"A2":                                          0x8
  .noinit              ro code  0x00000410     0x8  startup_MK60DZ10.o [1]
                              - 0x00000418     0x8

"P1", part 2 of 2:                          0x796c
  .text                ro code  0x00000418  0x1808  Mutily_Line.o [1]
  .text                ro code  0x00001c20   0x19c  MK60_gpio.o [1]
  .text                ro code  0x00001dbc    0xb0  MK60_port.o [1]
  Veneer               ro code  0x00001e6c     0x8  - Linker created -
  Veneer               ro code  0x00001e74     0x8  - Linker created -
  .text                ro code  0x00001e7c   0x140  MK60_conf.o [1]
  .text                ro code  0x00001fbc    0x70  VCAN_LED.o [1]
  .text                ro code  0x0000202c    0x24  printf.o [3]
  .text                ro code  0x00002050    0x78  MK60_DWT.o [1]
  .text                ro code  0x000020c8   0x24c  MK60_uart.o [1]
  .text                ro code  0x00002314    0x9c  VCAN_key.o [1]
  .text                ro code  0x000023b0   0xbee  xprintflarge_nomb.o [3]
  .text                ro code  0x00002f9e    0x22  zero_init3.o [5]
  .text                ro code  0x00002fc0    0x16  strchr.o [5]
  .rodata              const    0x00002fd6     0x2  VCAN_camera.o [1]
  .text                ro code  0x00002fd8    0x36  strlen.o [5]
  .text                ro code  0x00003010    0x58  memchr.o [5]
  .text                ro code  0x00003068    0xee  I64DivMod.o [5]
  .text                ro code  0x00003158    0x76  ABImemcpy_unaligned.o [5]
  .text                ro code  0x000031ce    0x42  xdnorm.o [4]
  .text                ro code  0x00003210    0x2e  DblCmpLe.o [4]
  .text                ro code  0x00003240   0x1a2  DblMul.o [4]
  .text                ro code  0x000033e4   0x246  DblDiv.o [4]
  .text                ro code  0x0000362c    0x58  DblToI32.o [4]
  .text                ro code  0x00003684    0x30  I32ToDbl.o [4]
  .text                ro code  0x000036b4   0x180  DblSub.o [4]
  .text                ro code  0x00003834    0x6c  localeconv.o [3]
  .text                ro code  0x000038a0     0xe  div.o [3]
  .text                ro code  0x000038b0     0x2  I64DivZer.o [5]
  .text                ro code  0x000038b4    0xd4  DblAdd.o [4]
  .text                ro code  0x00003988     0x2  xtls.o [3]
  .data_init                    0x0000398c   0xe68  <Block>
    Initializer bytes  ro data  0x0000398c   0xe68  <for .data-1>
  .text                ro code  0x000047f4   0x722  LCD.o [1]
  .text                ro code  0x00004f18   0x708  Control.o [1]
  .text                ro code  0x00005620   0x618  MK60_ftm.o [1]
  .rodata              const    0x00005c38   0x5f0  LCD.o [1]
  Veneer               ro code  0x00006228     0x8  - Linker created -
  .text                ro code  0x00006230   0x3d4  MK60_mcg.o [1]
  .text                ro code  0x00006604   0x362  VCAN_SCCB.o [1]
  .text                ro code  0x00006968   0x2cc  main.o [1]
  .text                ro code  0x00006c34   0x234  VCAN_OV7725_Eagle.o [1]
  .text                ro code  0x00006e68    0x50  misc.o [1]
  .text                ro code  0x00006eb8    0x7c  MK60_PIT.o [1]
  .text                ro code  0x00006f34    0x94  VCAN_camera.o [1]
  .text                ro code  0x00006fc8   0x2a0  Pid.o [1]
  .text                ro code  0x00007268   0x284  MK60_dma.o [1]
  CodeRelocate                  0x000074ec   0x1f0  <Block>
    Initializer bytes  ro data  0x000074ec   0x1f0  <for CodeRelocateRam-1>
  .text                ro code  0x000076dc   0x140  system_MK60DZ10.o [1]
  .text                ro code  0x0000781c    0x40  MK60_wdog.o [1]
  .rodata              const    0x0000785c    0xfc  LCD.o [1]
  .text                ro code  0x00007958    0x7c  MK60_it.o [1]
  .rodata              const    0x000079d4    0x3c  MK60_conf.o [1]
  .rodata              const    0x00007a10    0x28  MK60_dma.o [1]
  .rodata              const    0x00007a38    0x28  MK60_flash.o [1]
  .rodata              const    0x00007a60    0x28  MK60_ftm.o [1]
  .rodata              const    0x00007a88    0x28  MK60_gpio.o [1]
  .rodata              const    0x00007ab0    0x28  MK60_PIT.o [1]
  .rodata              const    0x00007ad8    0x28  MK60_uart.o [1]
  .text                ro code  0x00007b00    0x28  data_init.o [5]
  .rodata              const    0x00007b28    0x24  misc.o [1]
  .rodata              const    0x00007b4c    0x24  MK60_conf.o [1]
  .rodata              const    0x00007b70    0x24  VCAN_OV7725_Eagle.o [1]
  .rodata              const    0x00007b94    0x24  VCAN_OV7725_Eagle.o [1]
  .iar.init_table      const    0x00007bb8    0x10  - Linker created -
  .rodata              const    0x00007bc8    0x20  MK60_conf.o [1]
  .rodata              const    0x00007be8    0x20  VCAN_OV7725_Eagle.o [1]
  .text                ro code  0x00007c08    0x1a  fpinit_M.o [4]
  .text                ro code  0x00007c24    0x1a  cmain.o [5]
  .text                ro code  0x00007c3e     0x4  low_level_init.o [3]
  .text                ro code  0x00007c42     0x4  exit.o [3]
  .text                ro code  0x00007c48     0xa  cexit.o [5]
  .text                ro code  0x00007c54     0xc  XXexit.o [5]
  .rodata              const    0x00007c60    0x18  VCAN_OV7725_Eagle.o [1]
  .rodata              const    0x00007c78    0x18  VCAN_OV7725_Eagle.o [1]
  .text                ro code  0x00007c90    0x16  xprout.o [3]
  .text                ro code  0x00007ca8     0xc  putchar.o [3]
  .rodata              const    0x00007cb4    0x14  LCD.o [1]
  .rodata              const    0x00007cc8    0x14  MK60_conf.o [1]
  .rodata              const    0x00007cdc    0x14  VCAN_OV7725_Eagle.o [1]
  .text                ro code  0x00007cf0     0xc  cstartup_M.o [5]
  Initializer bytes    ro data  0x00007cfc    0x88  <for P2 s0>
                              - 0x00007d84  0x796c

"P2":                                       0x27a4
  .data                         0x1fff0410   0xe68  <Block>
    .data-1                     0x1fff0410   0xe68  <Init block>
      .data            inited   0x1fff0410    0x3c  Control.o [1]
      .data            inited   0x1fff044c    0x3c  Control.o [1]
      .data            inited   0x1fff0488    0x3c  Control.o [1]
      .data            inited   0x1fff04c4    0x3c  Control.o [1]
      .data            inited   0x1fff0500     0x1  Control.o [1]
      .data            inited   0x1fff0501     0x1  Control.o [1]
      .data            inited   0x1fff0504    0x3c  Control.o [1]
      .data            inited   0x1fff0540     0x1  Control.o [1]
      .data            inited   0x1fff0541     0x1  main.o [1]
      .data            inited   0x1fff0542     0x1  main.o [1]
      .data            inited   0x1fff0544   0x708  MK60_conf.o [1]
      .data            inited   0x1fff0c4c    0x10  MK60_ftm.o [1]
      .data            inited   0x1fff0c5c    0x14  MK60_gpio.o [1]
      .data            inited   0x1fff0c70    0x58  MK60_mcg.o [1]
      .data            inited   0x1fff0cc8     0x4  MK60_mcg.o [1]
      .data            inited   0x1fff0ccc    0x14  MK60_port.o [1]
      .data            inited   0x1fff0ce0    0x18  MK60_uart.o [1]
      .data            inited   0x1fff0cf8   0x4b0  Mutily_Line.o [1]
      .data            inited   0x1fff11a8     0x4  Pid.o [1]
      .data            inited   0x1fff11ac     0x4  Pid.o [1]
      .data            inited   0x1fff11b0     0x4  Pid.o [1]
      .data            inited   0x1fff11b4     0x4  Pid.o [1]
      .data            inited   0x1fff11b8     0x4  Pid.o [1]
      .data            inited   0x1fff11bc     0x4  Pid.o [1]
      .data            inited   0x1fff11c0     0x8  VCAN_key.o [1]
      .data            inited   0x1fff11c8     0x4  VCAN_LED.o [1]
      .data            inited   0x1fff11cc     0x1  VCAN_OV7725_Eagle.o [1]
      .data            inited   0x1fff11d0    0x64  VCAN_OV7725_Eagle.o [1]
      .data            inited   0x1fff1234     0x1  VCAN_OV7725_Eagle.o [1]
      .data            inited   0x1fff1238    0x40  xfiles.o [3]
  CodeRelocateRam               0x1fff1278   0x1f0  <Block>
    CodeRelocateRam-1           0x1fff1278   0x1f0  <Init block>
      Veneer           inited   0x1fff1278     0x8  - Linker created -
      Veneer           inited   0x1fff1280     0x8  - Linker created -
      .textrw          inited   0x1fff1288   0x190  MK60_flash.o [1]
      .textrw          inited   0x1fff1418    0x50  MK60_mcg.o [1]
  .bss                          0x1fff1468  0x16c1  <Block>
    .bss               zero     0x1fff1468    0x3c  Control.o [1]
    .bss               zero     0x1fff14a4     0x4  Control.o [1]
    .bss               zero     0x1fff14a8   0x258  main.o [1]
    .bss               zero     0x1fff1700  0x12c0  main.o [1]
    .bss               zero     0x1fff29c0    0x10  MK60_ftm.o [1]
    .bss               zero     0x1fff29d0     0x4  Mutily_Line.o [1]
    .bss               zero     0x1fff29d4     0x4  Mutily_Line.o [1]
    .bss               zero     0x1fff29d8     0x4  Mutily_Line.o [1]
    .bss               zero     0x1fff29dc     0x4  Mutily_Line.o [1]
    .bss               zero     0x1fff29e0     0x4  Mutily_Line.o [1]
    .bss               zero     0x1fff29e4    0x28  Mutily_Line.o [1]
    .bss               zero     0x1fff2a0c     0x4  Mutily_Line.o [1]
    .bss               zero     0x1fff2a10     0x4  Mutily_Line.o [1]
    .bss               zero     0x1fff2a14     0x4  Mutily_Line.o [1]
    .bss               zero     0x1fff2a18    0x3c  Mutily_Line.o [1]
    .bss               zero     0x1fff2a54    0x3c  Mutily_Line.o [1]
    .bss               zero     0x1fff2a90     0x4  Pid.o [1]
    .bss               zero     0x1fff2a94     0x4  Pid.o [1]
    .bss               zero     0x1fff2a98     0x4  Pid.o [1]
    .bss               zero     0x1fff2a9c     0x4  Pid.o [1]
    .bss               zero     0x1fff2aa0     0x4  Pid.o [1]
    .bss               zero     0x1fff2aa4     0x4  Pid.o [1]
    .bss               zero     0x1fff2aa8     0x4  Pid.o [1]
    .bss               zero     0x1fff2aac     0x4  Pid.o [1]
    .bss               zero     0x1fff2ab0     0x4  system_MK60DZ10.o [1]
    .bss               zero     0x1fff2ab4     0x4  system_MK60DZ10.o [1]
    .bss               zero     0x1fff2ab8     0x4  system_MK60DZ10.o [1]
    .bss               zero     0x1fff2abc     0x4  VCAN_OV7725_Eagle.o [1]
    .bss               zero     0x1fff2ac0    0x50  xfiles.o [3]
    .bss               zero     0x1fff2b10     0x2  MK60_it.o [1]
    .bss               zero     0x1fff2b12     0x1  Control.o [1]
    .bss               zero     0x1fff2b13     0x1  Control.o [1]
    .bss               zero     0x1fff2b14     0x1  Control.o [1]
    .bss               zero     0x1fff2b15     0x1  Control.o [1]
    .bss               zero     0x1fff2b16     0x1  Control.o [1]
    .bss               zero     0x1fff2b17     0x1  Control.o [1]
    .bss               zero     0x1fff2b18     0x1  Control.o [1]
    .bss               zero     0x1fff2b19     0x1  Control.o [1]
    .bss               zero     0x1fff2b1a     0x1  main.o [1]
    .bss               zero     0x1fff2b1b     0x1  main.o [1]
    .bss               zero     0x1fff2b1c     0x1  main.o [1]
    .bss               zero     0x1fff2b1d     0x1  main.o [1]
    .bss               zero     0x1fff2b1e     0x1  main.o [1]
    .bss               zero     0x1fff2b1f     0x1  main.o [1]
    .bss               zero     0x1fff2b20     0x1  main.o [1]
    .bss               zero     0x1fff2b21     0x1  Mutily_Line.o [1]
    .bss               zero     0x1fff2b22     0x1  Mutily_Line.o [1]
    .bss               zero     0x1fff2b23     0x1  Mutily_Line.o [1]
    .bss               zero     0x1fff2b24     0x1  Mutily_Line.o [1]
    .bss               zero     0x1fff2b25     0x1  Mutily_Line.o [1]
    .bss               zero     0x1fff2b26     0x1  Pid.o [1]
    .bss               zero     0x1fff2b27     0x1  Pid.o [1]
    .bss               zero     0x1fff2b28     0x1  Pid.o [1]
  P2 s0                         0x1fff2b2c    0x88  <Init block>
    __DLIB_PERTHREAD   inited   0x1fff2b2c    0x88  localeconv.o [3]
                              - 0x1fff2bb4  0x27a4


*******************************************************************************
*** INIT TABLE
***

          Address     Size
          -------     ----
Zero (__iar_zero_init3)
    1 destination range, total size 0x16c1:
          0x1fff1468  0x16c1



*******************************************************************************
*** MODULE SUMMARY
***

    Module                 ro code  rw code  ro data  rw data
    ------                 -------  -------  -------  -------
H:\上午最终的程序\Prj\IAR\FN15_Debug\Obj: [1]
    Control.o                1 800               305      375
    LCD.o                    1 826             1 792
    MK60_DWT.o                 120
    MK60_PIT.o                 124                40
    MK60_conf.o                320             1 949    1 800
    MK60_dma.o                 644                40
    MK60_flash.o                        400      440
    MK60_ftm.o               1 560                56       32
    MK60_gpio.o                412                60       20
    MK60_it.o                  124                          2
    MK60_mcg.o                 980       80      172       92
    MK60_port.o                176                20       20
    MK60_uart.o                588                64       24
    MK60_wdog.o                 64
    Mutily_Line.o            6 152             1 200    1 397
    Pid.o                      672                24       59
    VCAN_LED.o                 112                 4        4
    VCAN_OV7725_Eagle.o        564               277      106
    VCAN_SCCB.o                866
    VCAN_camera.o              148                 2
    VCAN_key.o                 156                 8        8
    main.o                     716                 2    5 409
    misc.o                      80                36
    startup_MK60DZ10.o           8
    system_MK60DZ10.o          320                         12
    vectors.o                                  1 040
    ---------------------------------------------------------
    Total:                  18 532      480    7 531    9 360

command line: [2]
    ---------------------------------------------------------
    Total:

dl7M_tlf.a: [3]
    div.o                       14
    exit.o                       4
    localeconv.o               108               136      136
    low_level_init.o             4
    printf.o                    36
    putchar.o                   12
    xfiles.o                                      67      144
    xprintflarge_nomb.o      3 054
    xprout.o                    22
    xtls.o                       2
    ---------------------------------------------------------
    Total:                   3 256               203      280

m7M_tlv.a: [4]
    DblAdd.o                   212
    DblCmpLe.o                  46
    DblDiv.o                   582
    DblMul.o                   418
    DblSub.o                   384
    DblToI32.o                  88
    I32ToDbl.o                  48
    fpinit_M.o                  26
    xdnorm.o                    66
    ---------------------------------------------------------
    Total:                   1 870

rt7M_tl.a: [5]
    ABImemcpy_unaligned.o      118
    I64DivMod.o                238
    I64DivZer.o                  2
    XXexit.o                    12
    cexit.o                     10
    cmain.o                     26
    cstartup_M.o                12
    data_init.o                 40
    memchr.o                    88
    strchr.o                    22
    strlen.o                    54
    zero_init3.o                34
    ---------------------------------------------------------
    Total:                     656

    Gaps                        26                          9
    Linker created              24       16       32
-------------------------------------------------------------
    Grand Total:            24 364      496    7 766    9 649


*******************************************************************************
*** ENTRY LIST
***

Entry                      Address    Size  Type      Object
-----                      -------    ----  ----      ------
.bss$$Base              0x1fff1468           --   Gb  - Linker created -
.bss$$Limit             0x1fff2b29           --   Gb  - Linker created -
.data$$Base             0x1fff0410           --   Gb  - Linker created -
.data$$Limit            0x1fff1278           --   Gb  - Linker created -
.data_init$$Base        0x0000398c           --   Gb  - Linker created -
.data_init$$Limit       0x000047f4           --   Gb  - Linker created -
?main                   0x00007c25          Code  Gb  cmain.o [5]
ASSERT_FAILED_STR       0x00007b4c    0x24  Data  Gb  MK60_conf.o [1]
AnglePID                0x1fff2a90     0x4  Data  Gb  Pid.o [1]
AverRate                0x1fff0cf8   0x4b0  Data  Gb  Mutily_Line.o [1]
AverRateth              0x1fff2b20     0x1  Data  Gb  main.o [1]
Average_Switch          0x1fff2b25     0x1  Data  Gb  Mutily_Line.o [1]
Black_Angle             0x1fff2b27     0x1  Data  Gb  Pid.o [1]
Black_Count             0x1fff0541     0x1  Data  Gb  main.o [1]
Black_Error             0x1fff0542     0x1  Data  Gb  main.o [1]
Black_flag              0x1fff2b17     0x1  Data  Gb  Control.o [1]
Block                   0x00001a15   0x1e6  Code  Gb  Mutily_Line.o [1]
CodeRelocate$$Base      0x000074ec           --   Gb  - Linker created -
CodeRelocate$$Limit     0x000076dc           --   Gb  - Linker created -
CodeRelocateRam$$Base   0x1fff1278           --   Gb  - Linker created -
CodeRelocateRam$$Limit  0x1fff1468           --   Gb  - Linker created -
CountStop               0x1fff2b21     0x1  Data  Gb  Mutily_Line.o [1]
Cross                   0x00005509    0xc8  Code  Gb  Control.o [1]
Cross_center            0x1fff0540     0x1  Data  Gb  Control.o [1]
Cross_flag              0x1fff2b19     0x1  Data  Gb  Control.o [1]
DMA0_IRQHandler         0x000079cd     0x8  Code  Gb  MK60_it.o [1]
Dir_D                   0x1fff11ac     0x4  Data  Gb  Pid.o [1]
Dir_D1                  0x1fff11b0     0x4  Data  Gb  Pid.o [1]
Dir_P                   0x1fff11a8     0x4  Data  Gb  Pid.o [1]
Display4                0x00004c4f   0x17e  Code  Gb  LCD.o [1]
Driection_error         0x1fff29d0     0x4  Data  Gb  Mutily_Line.o [1]
Driection_error_Line    0x1fff29dc     0x4  Data  Gb  Mutily_Line.o [1]
F14x16                  0x0000785c    0xfc  Data  Gb  LCD.o [1]
F14x16_Idx              0x00007cb4    0x14  Data  Gb  LCD.o [1]
F8X16                   0x00005c38   0x5f0  Data  Gb  LCD.o [1]
FTM2_INPUT_IRQHandler   0x0000796d    0x26  Code  Gb  MK60_it.o [1]
FTMN                    0x1fff0c4c    0x10  Data  Gb  MK60_ftm.o [1]
FTM_port_mux            0x00005621   0x1ac  Code  Lc  MK60_ftm.o [1]
Fina_Angle              0x1fff2a9c     0x4  Data  Gb  Pid.o [1]
Final_Flag              0x1fff2b1d     0x1  Data  Gb  main.o [1]
Fit_K                   0x1fff2a14     0x4  Data  Gb  Mutily_Line.o [1]
Fit_R                   0x1fff2a10     0x4  Data  Gb  Mutily_Line.o [1]
Fit_X                   0x1fff2a18    0x3c  Data  Gb  Mutily_Line.o [1]
Fit_Y                   0x1fff2a54    0x3c  Data  Gb  Mutily_Line.o [1]
GPIOX                   0x1fff0c5c    0x14  Data  Gb  MK60_gpio.o [1]
ImageData               0x1fff1700  0x12c0  Data  Gb  main.o [1]
KEY_PTxn                0x1fff11c0     0x8  Data  Gb  VCAN_key.o [1]
L                       0x1fff1468    0x3c  Data  Gb  Control.o [1]
LCD_DLY_ms              0x000048f7    0x18  Code  Gb  LCD.o [1]
LCD_Fill                0x000048b7    0x40  Code  Gb  LCD.o [1]
LCD_Init                0x0000490f    0xf8  Code  Gb  LCD.o [1]
LCD_P14x16Str           0x00004ab1   0x134  Code  Gb  LCD.o [1]
LCD_P8x16Str            0x00004a07    0xaa  Code  Gb  LCD.o [1]
LCD_Print               0x00004be5    0x6a  Code  Gb  LCD.o [1]
LCD_Set_Pos             0x0000488f    0x28  Code  Gb  LCD.o [1]
LCD_WrCmd               0x00004845    0x4a  Code  Gb  LCD.o [1]
LCD_WrDat               0x000047f5    0x4e  Code  Gb  LCD.o [1]
LED_ImagePut            0x00004e1d    0xfa  Code  Gb  LCD.o [1]
LED_PTxn                0x1fff11c8     0x4  Data  Gb  VCAN_LED.o [1]
L_Correct               0x1fff2b15     0x1  Data  Gb  Control.o [1]
L_loseLine              0x1fff0488    0x3c  Data  Gb  Control.o [1]
Last1_AngleError        0x1fff2a94     0x4  Data  Gb  Pid.o [1]
Last2_AngleError        0x1fff2a98     0x4  Data  Gb  Pid.o [1]
Last_SpeedError         0x1fff2aa8     0x4  Data  Gb  Pid.o [1]
Line_Fit                0x00000419   0x148  Code  Gb  Mutily_Line.o [1]
Line_error              0x1fff2a0c     0x4  Data  Gb  Mutily_Line.o [1]
LoadInt                 0x0000292d    0x6e  Code  Lc  xprintflarge_nomb.o [3]
MiddeSum                0x1fff29d8     0x4  Data  Gb  Mutily_Line.o [1]
NVIC_DisableIRQ         0x00006c49    0x14  Code  Lc  VCAN_OV7725_Eagle.o [1]
NVIC_EnableIRQ          0x00006987    0x14  Code  Lc  main.o [1]
NVIC_EnableIRQ          0x00006c35    0x14  Code  Lc  VCAN_OV7725_Eagle.o [1]
NVIC_SetPriority        0x0000699b    0x26  Code  Lc  main.o [1]
NVIC_SetPriorityGrouping
                        0x00006969    0x1e  Code  Lc  main.o [1]
NVIC_SystemReset        0x00001e7d    0x1a  Code  Lc  MK60_conf.o [1]
PIT0_IRQHandler         0x00007959    0x14  Code  Gb  MK60_it.o [1]
PORTA_IRQHandler        0x00007993    0x2a  Code  Gb  MK60_it.o [1]
PORTX                   0x1fff0ccc    0x14  Data  Gb  MK60_port.o [1]
R                       0x1fff0410    0x3c  Data  Gb  Control.o [1]
R_Correct               0x1fff2b16     0x1  Data  Gb  Control.o [1]
R_loseLine              0x1fff04c4    0x3c  Data  Gb  Control.o [1]
Region$$Table$$Base     0x00007bb8           --   Gb  - Linker created -
Region$$Table$$Limit    0x00007bc8           --   Gb  - Linker created -
Reset_Handler           0x00000411          Code  Gb  startup_MK60DZ10.o [1]
SCCB_Ack                0x000066d9    0x3c  Code  Lc  VCAN_SCCB.o [1]
SCCB_GPIO_init          0x0000661f    0x28  Code  Gb  VCAN_SCCB.o [1]
SCCB_NoAck              0x00006715    0x3c  Code  Lc  VCAN_SCCB.o [1]
SCCB_ReadByte           0x000068b5    0x2c  Code  Gb  VCAN_SCCB.o [1]
SCCB_ReadByte_one       0x000068e1    0x86  Code  Lc  VCAN_SCCB.o [1]
SCCB_ReceiveByte        0x000067e1    0x54  Code  Lc  VCAN_SCCB.o [1]
SCCB_SendByte           0x0000679d    0x44  Code  Lc  VCAN_SCCB.o [1]
SCCB_Start              0x00006647    0x5e  Code  Lc  VCAN_SCCB.o [1]
SCCB_Stop               0x000066a5    0x34  Code  Lc  VCAN_SCCB.o [1]
SCCB_WaitAck            0x00006751    0x4c  Code  Lc  VCAN_SCCB.o [1]
SCCB_WriteByte          0x00006845    0x28  Code  Gb  VCAN_SCCB.o [1]
SCCB_WriteByte_one      0x0000686d    0x48  Code  Lc  VCAN_SCCB.o [1]
SCCB_delay              0x00006605    0x1a  Code  Lc  VCAN_SCCB.o [1]
Show_Flag               0x1fff2b1e     0x1  Data  Gb  main.o [1]
SpeedEpt                0x1fff11bc     0x4  Data  Gb  Pid.o [1]
SpeedError              0x1fff2aa4     0x4  Data  Gb  Pid.o [1]
SpeedMax                0x000008b3   0x670  Code  Gb  Mutily_Line.o [1]
SpeedMiddle             0x00000f9d   0x6ce  Code  Gb  Mutily_Line.o [1]
SpeedMin                0x00001671   0x35a  Code  Gb  Mutily_Line.o [1]
SpeedNow                0x1fff2aa0     0x4  Data  Gb  Pid.o [1]
Speed_Driection         0x1fff2b28     0x1  Data  Gb  Pid.o [1]
Speed_Flag1             0x1fff2b1b     0x1  Data  Gb  main.o [1]
Speed_Flag2             0x1fff2b1c     0x1  Data  Gb  main.o [1]
Speed_I                 0x1fff11b8     0x4  Data  Gb  Pid.o [1]
Speed_Out               0x1fff2aac     0x4  Data  Gb  Pid.o [1]
Speed_P                 0x1fff11b4     0x4  Data  Gb  Pid.o [1]
Speed_control           0x1fff29e0     0x4  Data  Gb  Mutily_Line.o [1]
Speed_switch            0x1fff2b24     0x1  Data  Gb  Mutily_Line.o [1]
StopFlag                0x1fff2b22     0x1  Data  Gb  Mutily_Line.o [1]
Stop_start              0x1fff2b1f     0x1  Data  Gb  main.o [1]
Sum                     0x1fff29d4     0x4  Data  Gb  Mutily_Line.o [1]
Switch                  0x1fff29e4    0x28  Data  Gb  Mutily_Line.o [1]
UARTN                   0x1fff0ce0    0x18  Data  Gb  MK60_uart.o [1]
Zhangai_Count           0x1fff2b26     0x1  Data  Gb  Pid.o [1]
_GenldLargeNoMb         0x00002d21   0x236  Code  Lc  xprintflarge_nomb.o [3]
_LdtobLargeNoMb         0x00002aa1   0x27a  Code  Lc  xprintflarge_nomb.o [3]
_LitobLargeNoMb         0x0000299b   0x106  Code  Lc  xprintflarge_nomb.o [3]
_Locale_aeabi_lconv     0x1fff2b7c    0x38  Data  Gb  localeconv.o [3]
_Locale_lconv           0x1fff2b2c    0x50  Data  Gb  localeconv.o [3]
_PrintfLargeNoMb        0x000023b1   0x576  Code  Gb  xprintflarge_nomb.o [3]
_Prout                  0x00007c91    0x16  Code  Gb  xprout.o [3]
_PutcharsLargeNoMb      0x00002f57    0x2e  Code  Lc  xprintflarge_nomb.o [3]
__BOOT_STACK_ADDRESS {Abs}
                        0x2000fff8           --   Gb  command line/config [2]
__VECTOR_RAM {Abs}      0x1fff0000           --   Gb  command line/config [2]
__VECTOR_TABLE {Abs}    0x00000000           --   Gb  command line/config [2]
__aeabi_cdcmple         0x00003211          Code  Gb  DblCmpLe.o [4]
__aeabi_d2iz            0x0000362d          Code  Gb  DblToI32.o [4]
__aeabi_d2uiz           0x00003659          Code  Gb  DblToI32.o [4]
__aeabi_ddiv            0x000033e5          Code  Gb  DblDiv.o [4]
__aeabi_dmul            0x00003241          Code  Gb  DblMul.o [4]
__aeabi_dsub            0x000036b5          Code  Gb  DblSub.o [4]
__aeabi_i2d             0x00003685          Code  Gb  I32ToDbl.o [4]
__aeabi_ldiv0           0x000038b1          Code  Gb  I64DivZer.o [5]
__aeabi_ui2d            0x00003699          Code  Gb  I32ToDbl.o [4]
__aeabi_uldivmod        0x00003069          Code  Gb  I64DivMod.o [5]
__as_entries_start      0xffffffff           --   Gb  command line/config [2]
__as_table_start        0xffffffff           --   Gb  command line/config [2]
__cmain                 0x00007c25          Code  Gb  cmain.o [5]
__code_start__ {Abs}    0x00000410           --   Gb  command line/config [2]
__exit                  0x00007c55          Code  Gb  XXexit.o [5]
__iar_Dnorm             0x000031cf    0x42  Code  Gb  xdnorm.o [4]
__iar_Locale_lconv_init
                        0x00003835    0x3a  Code  Gb  localeconv.o [3]
__iar_Memchr            0x00003011          Code  Gb  memchr.o [5]
__iar_Stdout            0x1fff1238    0x40  Data  Gb  xfiles.o [3]
__iar_Strchr            0x00002fc1          Code  Gb  strchr.o [5]
__iar_d2uiz             0x00003665          Code  Gb  DblToI32.o [4]
__iar_dadd              0x000038b5          Code  Gb  DblAdd.o [4]
__iar_data_init3        0x00007b01    0x28  Code  Gb  data_init.o [5]
__iar_dlib_perthread_access
                        0x00003989     0x2  Code  Gb  xtls.o [3]
__iar_dsub              0x000036c9          Code  Gb  DblSub.o [4]
__iar_dsubStart         0x000036db          Code  Gb  DblSub.o [4]
__iar_init_vfp          0x00007c09          Code  Gb  fpinit_M.o [4]
__iar_program_start     0x00007cf1          Code  Gb  cstartup_M.o [5]
__iar_ui2d              0x0000369d          Code  Gb  I32ToDbl.o [4]
__iar_unaligned___aeabi_memcpy
                        0x00003159          Code  Gb  ABImemcpy_unaligned.o [5]
__iar_unaligned___aeabi_memcpy4
                        0x00003179          Code  Gb  ABImemcpy_unaligned.o [5]
__iar_unaligned___aeabi_memcpy8
                        0x00003179          Code  Gb  ABImemcpy_unaligned.o [5]
__iar_zero_init3        0x00002f9f    0x22  Code  Gb  zero_init3.o [5]
__low_level_init        0x00007c3f     0x4  Code  Gb  low_level_init.o [3]
__vector_table          0x00000000   0x410  Data  Gb  vectors.o [1]
_call_main              0x00007c31          Code  Gb  cmain.o [5]
_exit                   0x00007c49          Code  Gb  cexit.o [5]
_main                   0x00007c3b          Code  Gb  cmain.o [5]
_width                  0x1fff0504    0x3c  Data  Gb  Control.o [1]
assert_failed           0x00001e97    0x26  Code  Gb  MK60_conf.o [1]
bus_clk_khz             0x1fff2ab8     0x4  Data  Gb  system_MK60DZ10.o [1]
center                  0x1fff044c    0x3c  Data  Gb  Control.o [1]
common_startup          0x00007747    0x98  Code  Gb  system_MK60DZ10.o [1]
core_clk_khz            0x1fff2ab0     0x4  Data  Gb  system_MK60DZ10.o [1]
core_clk_mhz            0x1fff2ab4     0x4  Data  Gb  system_MK60DZ10.o [1]
default_isr             0x00001f6b    0x30  Code  Gb  MK60_conf.o [1]
div                     0x000038a1     0xe  Code  Gb  div.o [3]
dma_gpio_input_init     0x00007269    0x5c  Code  Lc  MK60_dma.o [1]
dma_portx2buff_init     0x000072c5   0x1f4  Code  Gb  MK60_dma.o [1]
duoji_Pd                0x00006fc9   0x130  Code  Gb  Pid.o [1]
dwt_delay_ms            0x000020b1    0x18  Code  Gb  MK60_DWT.o [1]
dwt_delay_us            0x00002051    0x4e  Code  Gb  MK60_DWT.o [1]
exit                    0x00007c43     0x4  Code  Gb  exit.o [3]
finalout                0x00000565   0x34e  Code  Gb  Mutily_Line.o [1]
flash_cmd               0x1fff1289    0x20  Code  Gb  MK60_flash.o [1]
flash_erase_sector      0x1fff12cd    0x5c  Code  Gb  MK60_flash.o [1]
flash_init              0x1fff12a9    0x24  Code  Gb  MK60_flash.o [1]
flash_write             0x1fff1329    0xb4  Code  Gb  MK60_flash.o [1]
fputc                   0x00001ebd    0x14  Code  Gb  MK60_conf.o [1]
frist_black_line        0x00004f19   0x1d8  Code  Gb  Control.o [1]
ftm_input_init          0x00005a8d   0x192  Code  Gb  MK60_ftm.o [1]
ftm_mod                 0x1fff29c0    0x10  Data  Lc  MK60_ftm.o [1]
ftm_pwm_duty            0x00005977   0x116  Code  Gb  MK60_ftm.o [1]
ftm_pwm_init            0x000057cd   0x1aa  Code  Gb  MK60_ftm.o [1]
get_black_line          0x000050f1   0x418  Code  Gb  Control.o [1]
gpio_get                0x00001d79    0x3a  Code  Gb  MK60_gpio.o [1]
gpio_init               0x00001c21    0xae  Code  Gb  MK60_gpio.o [1]
gpio_set                0x00001ccf    0x72  Code  Gb  MK60_gpio.o [1]
gpio_turn               0x00001d41    0x38  Code  Gb  MK60_gpio.o [1]
img_extract             0x00006f35    0x94  Code  Gb  VCAN_camera.o [1]
imgbuff                 0x1fff14a8   0x258  Data  Gb  main.o [1]
key_check               0x00002381    0x2a  Code  Gb  VCAN_key.o [1]
key_get                 0x00002367    0x1a  Code  Gb  VCAN_key.o [1]
key_init                0x00002315    0x52  Code  Gb  VCAN_key.o [1]
led_init                0x00001fbd    0x3a  Code  Gb  VCAN_LED.o [1]
led_turn                0x00001ff7    0x32  Code  Gb  VCAN_LED.o [1]
localeconv              0x0000386f    0x16  Code  Gb  localeconv.o [3]
main                    0x000069c1   0x21c  Code  Gb  main.o [1]
mcg_cfg                 0x1fff0c70    0x58  Data  Gb  MK60_mcg.o [1]
mcg_div                 0x1fff0cc8     0x4  Data  Gb  MK60_mcg.o [1]
mcg_div_count           0x00006231   0x304  Code  Gb  MK60_mcg.o [1]
memchr                  0x00003011          Code  Gb  memchr.o [5]
obuf                    0x1fff2ac0    0x50  Data  Lc  xfiles.o [3]
ov7725_eagle_cfgnum     0x1fff1234     0x1  Data  Gb  VCAN_OV7725_Eagle.o [1]
ov7725_eagle_dma        0x00006d15    0x14  Code  Gb  VCAN_OV7725_Eagle.o [1]
ov7725_eagle_get_img    0x00006d29    0x42  Code  Gb  VCAN_OV7725_Eagle.o [1]
ov7725_eagle_img_buff   0x1fff2abc     0x4  Data  Gb  VCAN_OV7725_Eagle.o [1]
ov7725_eagle_img_flag   0x1fff11cc     0x1  Data  Gb  VCAN_OV7725_Eagle.o [1]
ov7725_eagle_init       0x00006c5d    0x18  Code  Gb  VCAN_OV7725_Eagle.o [1]
ov7725_eagle_port_init  0x00006c75    0x54  Code  Lc  VCAN_OV7725_Eagle.o [1]
ov7725_eagle_reg        0x1fff11d0    0x64  Data  Gb  VCAN_OV7725_Eagle.o [1]
ov7725_eagle_reg_init   0x00006d6b    0xb0  Code  Lc  VCAN_OV7725_Eagle.o [1]
ov7725_eagle_vsync      0x00006cc9    0x4c  Code  Gb  VCAN_OV7725_Eagle.o [1]
picture_Flag            0x1fff2b1a     0x1  Data  Gb  main.o [1]
pit_init                0x00006eb9    0x6c  Code  Gb  MK60_PIT.o [1]
pll_init                0x00006535    0xb2  Code  Gb  MK60_mcg.o [1]
podao_flag              0x1fff2b18     0x1  Data  Gb  Control.o [1]
podao_flag_count        0x1fff2b23     0x1  Data  Gb  Mutily_Line.o [1]
pointer                 0x1fff14a4     0x4  Data  Gb  Control.o [1]
port_init               0x00001dbd    0x44  Code  Gb  MK60_port.o [1]
port_init_NoALT         0x00001e01    0x62  Code  Gb  MK60_port.o [1]
printf                  0x0000202d    0x24  Code  Gb  printf.o [3]
putchar                 0x00007ca9     0xc  Code  Gb  putchar.o [3]
serach_hang_end         0x1fff0501     0x1  Data  Gb  Control.o [1]
serach_hang_start       0x1fff0500     0x1  Data  Gb  Control.o [1]
set_sys_dividers        0x1fff1419    0x50  Code  Gb  MK60_mcg.o [1]
set_vector_handler      0x00006e8b    0x22  Code  Gb  misc.o [1]
speed_Control           0x000070f9   0x108  Code  Gb  Pid.o [1]
start                   0x000076dd    0x2e  Code  Gb  system_MK60DZ10.o [1]
start_check             0x00001ed1    0x9a  Code  Gb  MK60_conf.o [1]
strchr                  0x00002fc1          Code  Gb  strchr.o [5]
strlen                  0x00002fd9          Code  Gb  strlen.o [5]
sysinit                 0x0000770b    0x3c  Code  Gb  system_MK60DZ10.o [1]
uart_init               0x000020c9   0x218  Code  Gb  MK60_uart.o [1]
uart_putchar            0x000022e1    0x1a  Code  Gb  MK60_uart.o [1]
vector_str              0x1fff0544   0x708  Data  Gb  MK60_conf.o [1]
wdog_disable            0x0000781d    0x16  Code  Gb  MK60_wdog.o [1]
wdog_unlock             0x00007833    0x20  Code  Lc  MK60_wdog.o [1]
wheel                   0x1fff2b10     0x2  Data  Gb  MK60_it.o [1]
width                   0x1fff2b12     0x1  Data  Gb  Control.o [1]
width_last1             0x1fff2b13     0x1  Data  Gb  Control.o [1]
width_last2             0x1fff2b14     0x1  Data  Gb  Control.o [1]
write_vtor              0x00006e69    0x22  Code  Gb  misc.o [1]


[1] = H:\上午最终的程序\Prj\IAR\FN15_Debug\Obj
[2] = command line
[3] = dl7M_tlf.a
[4] = m7M_tlv.a
[5] = rt7M_tl.a

  24 364 bytes of readonly  code memory
     496 bytes of readwrite code memory
   7 766 bytes of readonly  data memory
   9 649 bytes of readwrite data memory

Errors: none
Warnings: none
