###############################################################################
#
# IAR ELF Linker V7.20.2.7424/W32 for ARM                 19/Oct/2016  16:23:34
# Copyright 2007-2014 IAR Systems AB.
#
#    Output file  =  
#        C:\Users\1\Desktop\¿¨¶ûÂüÂË²¨03\Prj\IAR\FX15_Release\Exe\vcan_Kinetis.out
#    Map file     =  
#        C:\Users\1\Desktop\¿¨¶ûÂüÂË²¨03\Prj\IAR\FX15_Release\List\vcan_Kinetis.map
#    Command line =  
#        C:\Users\1\Desktop\¿¨¶ûÂüÂË²¨03\Prj\IAR\FX15_Release\Obj\Control.o
#        C:\Users\1\Desktop\¿¨¶ûÂüÂË²¨03\Prj\IAR\FX15_Release\Obj\diskio.o
#        C:\Users\1\Desktop\¿¨¶ûÂüÂË²¨03\Prj\IAR\FX15_Release\Obj\ff.o
#        C:\Users\1\Desktop\¿¨¶ûÂüÂË²¨03\Prj\IAR\FX15_Release\Obj\kalman_filter.o
#        C:\Users\1\Desktop\¿¨¶ûÂüÂË²¨03\Prj\IAR\FX15_Release\Obj\keyboard16.o
#        C:\Users\1\Desktop\¿¨¶ûÂüÂË²¨03\Prj\IAR\FX15_Release\Obj\LCD.o
#        C:\Users\1\Desktop\¿¨¶ûÂüÂË²¨03\Prj\IAR\FX15_Release\Obj\main.o
#        C:\Users\1\Desktop\¿¨¶ûÂüÂË²¨03\Prj\IAR\FX15_Release\Obj\misc.o
#        C:\Users\1\Desktop\¿¨¶ûÂüÂË²¨03\Prj\IAR\FX15_Release\Obj\MK60_adc.o
#        C:\Users\1\Desktop\¿¨¶ûÂüÂË²¨03\Prj\IAR\FX15_Release\Obj\MK60_can.o
#        C:\Users\1\Desktop\¿¨¶ûÂüÂË²¨03\Prj\IAR\FX15_Release\Obj\MK60_conf.o
#        C:\Users\1\Desktop\¿¨¶ûÂüÂË²¨03\Prj\IAR\FX15_Release\Obj\MK60_dac.o
#        C:\Users\1\Desktop\¿¨¶ûÂüÂË²¨03\Prj\IAR\FX15_Release\Obj\MK60_dma.o
#        C:\Users\1\Desktop\¿¨¶ûÂüÂË²¨03\Prj\IAR\FX15_Release\Obj\MK60_DWT.o
#        C:\Users\1\Desktop\¿¨¶ûÂüÂË²¨03\Prj\IAR\FX15_Release\Obj\MK60_flash.o
#        C:\Users\1\Desktop\¿¨¶ûÂüÂË²¨03\Prj\IAR\FX15_Release\Obj\MK60_flexbus.o
#        C:\Users\1\Desktop\¿¨¶ûÂüÂË²¨03\Prj\IAR\FX15_Release\Obj\MK60_ftm.o
#        C:\Users\1\Desktop\¿¨¶ûÂüÂË²¨03\Prj\IAR\FX15_Release\Obj\MK60_gpio.o
#        C:\Users\1\Desktop\¿¨¶ûÂüÂË²¨03\Prj\IAR\FX15_Release\Obj\MK60_i2c.o
#        C:\Users\1\Desktop\¿¨¶ûÂüÂË²¨03\Prj\IAR\FX15_Release\Obj\MK60_it.o
#        C:\Users\1\Desktop\¿¨¶ûÂüÂË²¨03\Prj\IAR\FX15_Release\Obj\MK60_lptmr.o
#        C:\Users\1\Desktop\¿¨¶ûÂüÂË²¨03\Prj\IAR\FX15_Release\Obj\MK60_mcg.o
#        C:\Users\1\Desktop\¿¨¶ûÂüÂË²¨03\Prj\IAR\FX15_Release\Obj\MK60_PIT.o
#        C:\Users\1\Desktop\¿¨¶ûÂüÂË²¨03\Prj\IAR\FX15_Release\Obj\MK60_port.o
#        C:\Users\1\Desktop\¿¨¶ûÂüÂË²¨03\Prj\IAR\FX15_Release\Obj\MK60_rtc.o
#        C:\Users\1\Desktop\¿¨¶ûÂüÂË²¨03\Prj\IAR\FX15_Release\Obj\MK60_sdhc.o
#        C:\Users\1\Desktop\¿¨¶ûÂüÂË²¨03\Prj\IAR\FX15_Release\Obj\MK60_spi.o
#        C:\Users\1\Desktop\¿¨¶ûÂüÂË²¨03\Prj\IAR\FX15_Release\Obj\MK60_SysTick.o
#        C:\Users\1\Desktop\¿¨¶ûÂüÂË²¨03\Prj\IAR\FX15_Release\Obj\MK60_uart.o
#        C:\Users\1\Desktop\¿¨¶ûÂüÂË²¨03\Prj\IAR\FX15_Release\Obj\MK60_usb.o
#        C:\Users\1\Desktop\¿¨¶ûÂüÂË²¨03\Prj\IAR\FX15_Release\Obj\MK60_wdog.o
#        C:\Users\1\Desktop\¿¨¶ûÂüÂË²¨03\Prj\IAR\FX15_Release\Obj\Mutily_Line.o
#        C:\Users\1\Desktop\¿¨¶ûÂüÂË²¨03\Prj\IAR\FX15_Release\Obj\Pid.o
#        C:\Users\1\Desktop\¿¨¶ûÂüÂË²¨03\Prj\IAR\FX15_Release\Obj\Signal.o
#        C:\Users\1\Desktop\¿¨¶ûÂüÂË²¨03\Prj\IAR\FX15_Release\Obj\startup_MK60DZ10.o
#        C:\Users\1\Desktop\¿¨¶ûÂüÂË²¨03\Prj\IAR\FX15_Release\Obj\system_MK60DZ10.o
#        "C:\Users\1\Desktop\¿¨¶ûÂüÂË²¨03\Prj\IAR\FX15_Release\Obj\upper
#        monitor.o"
#        C:\Users\1\Desktop\¿¨¶ûÂüÂË²¨03\Prj\IAR\FX15_Release\Obj\USB.o
#        C:\Users\1\Desktop\¿¨¶ûÂüÂË²¨03\Prj\IAR\FX15_Release\Obj\USB_CDC.o
#        C:\Users\1\Desktop\¿¨¶ûÂüÂË²¨03\Prj\IAR\FX15_Release\Obj\VCAN_ASCII.o
#        C:\Users\1\Desktop\¿¨¶ûÂüÂË²¨03\Prj\IAR\FX15_Release\Obj\VCAN_BMP.o
#        C:\Users\1\Desktop\¿¨¶ûÂüÂË²¨03\Prj\IAR\FX15_Release\Obj\VCAN_camera.o
#        C:\Users\1\Desktop\¿¨¶ûÂüÂË²¨03\Prj\IAR\FX15_Release\Obj\VCAN_computer.o
#        C:\Users\1\Desktop\¿¨¶ûÂüÂË²¨03\Prj\IAR\FX15_Release\Obj\vcan_img2sd.o
#        C:\Users\1\Desktop\¿¨¶ûÂüÂË²¨03\Prj\IAR\FX15_Release\Obj\VCAN_key.o
#        C:\Users\1\Desktop\¿¨¶ûÂüÂË²¨03\Prj\IAR\FX15_Release\Obj\VCAN_key_event.o
#        C:\Users\1\Desktop\¿¨¶ûÂüÂË²¨03\Prj\IAR\FX15_Release\Obj\VCAN_LCD.o
#        C:\Users\1\Desktop\¿¨¶ûÂüÂË²¨03\Prj\IAR\FX15_Release\Obj\VCAN_LCD_CH.o
#        C:\Users\1\Desktop\¿¨¶ûÂüÂË²¨03\Prj\IAR\FX15_Release\Obj\VCAN_LCD_ILI9341.o
#        C:\Users\1\Desktop\¿¨¶ûÂüÂË²¨03\Prj\IAR\FX15_Release\Obj\VCAN_LCD_ST7735R.o
#        C:\Users\1\Desktop\¿¨¶ûÂüÂË²¨03\Prj\IAR\FX15_Release\Obj\VCAN_LCD_ST7735S.o
#        C:\Users\1\Desktop\¿¨¶ûÂüÂË²¨03\Prj\IAR\FX15_Release\Obj\VCAN_LED.o
#        C:\Users\1\Desktop\¿¨¶ûÂüÂË²¨03\Prj\IAR\FX15_Release\Obj\VCAN_MMA7455.o
#        C:\Users\1\Desktop\¿¨¶ûÂüÂË²¨03\Prj\IAR\FX15_Release\Obj\VCAN_NRF24L0.o
#        C:\Users\1\Desktop\¿¨¶ûÂüÂË²¨03\Prj\IAR\FX15_Release\Obj\VCAN_NRF24L0_MSG.o
#        C:\Users\1\Desktop\¿¨¶ûÂüÂË²¨03\Prj\IAR\FX15_Release\Obj\VCAN_OV7725_Eagle.o
#        C:\Users\1\Desktop\¿¨¶ûÂüÂË²¨03\Prj\IAR\FX15_Release\Obj\VCAN_OV7725_Wolf.o
#        C:\Users\1\Desktop\¿¨¶ûÂüÂË²¨03\Prj\IAR\FX15_Release\Obj\VCAN_RTC_count.o
#        C:\Users\1\Desktop\¿¨¶ûÂüÂË²¨03\Prj\IAR\FX15_Release\Obj\VCAN_SCCB.o
#        C:\Users\1\Desktop\¿¨¶ûÂüÂË²¨03\Prj\IAR\FX15_Release\Obj\vcan_sd_app.o
#        C:\Users\1\Desktop\¿¨¶ûÂüÂË²¨03\Prj\IAR\FX15_Release\Obj\Vcan_touch.o
#        C:\Users\1\Desktop\¿¨¶ûÂüÂË²¨03\Prj\IAR\FX15_Release\Obj\VCAN_TSL1401.o
#        C:\Users\1\Desktop\¿¨¶ûÂüÂË²¨03\Prj\IAR\FX15_Release\Obj\VCAN_UI_VAR.o
#        C:\Users\1\Desktop\¿¨¶ûÂüÂË²¨03\Prj\IAR\FX15_Release\Obj\vectors.o
#        --redirect _Printf=_PrintfLargeNoMb --redirect _Scanf=_ScanfLargeNoMb
#        -o
#        C:\Users\1\Desktop\¿¨¶ûÂüÂË²¨03\Prj\IAR\FX15_Release\Exe\vcan_Kinetis.out
#        --map
#        C:\Users\1\Desktop\¿¨¶ûÂüÂË²¨03\Prj\IAR\FX15_Release\List\vcan_Kinetis.map
#        --config "C:\Users\1\Desktop\¿¨¶ûÂüÂË²¨03\Prj\IAR\config
#        files\vcan_ROM_K60N512.icf"
#        C:\Users\1\Desktop\¿¨¶ûÂüÂË²¨03\Prj\IAR\..\..\Lib\CMSIS\iar_cortexM4l_math.a
#        --entry __iar_program_start --redirect __write=__write_buffered
#        --inline --vfe
#
###############################################################################

*******************************************************************************
*** RUNTIME MODEL ATTRIBUTES
***

CppFlavor       = *
__SystemLibrary = DLib


*******************************************************************************
*** PLACEMENT SUMMARY
***

"A1":  place at 0x00000000 { ro section .intvec };
"A2":  place at 0x00000410 { ro section .noinit };
"P1":  place in [from 0x00000000 to 0x00080000] { ro, block CodeRelocate };
"P2":  place in [from 0x1fff0410 to 0x20010000] {
          rw, block CodeRelocateRam, block CSTACK, block HEAP };

  Section              Kind        Address    Size  Object
  -------              ----        -------    ----  ------
"A1":                                        0x410
  .intvec              const    0x00000000   0x410  vectors.o [1]
                              - 0x00000410   0x410

"P1", part 1 of 2:                             0x0
  .rodata              const    0x00000410     0x0  zero_init3.o [5]

"A2":                                          0x8
  .noinit              ro code  0x00000410     0x8  startup_MK60DZ10.o [1]
                              - 0x00000418     0x8

"P1", part 2 of 2:                          0x1ce0
  .text                ro code  0x00000418   0xc18  LCD.o [1]
  .text                ro code  0x00001030    0x48  MK60_gpio.o [1]
  .text                ro code  0x00001078    0x3c  MK60_port.o [1]
  .text                ro code  0x000010b4   0x20c  main.o [1]
  .text                ro code  0x000012c0   0x128  MK60_adc.o [1]
  .text                ro code  0x000013e8   0x17c  MK60_uart.o [1]
  .text                ro code  0x00001564   0x1ac  keyboard16.o [1]
  .text                ro code  0x00001710    0x84  kalman_filter.o [1]
  .text                ro code  0x00001794    0x46  VCAN_computer.o [1]
  .text                ro code  0x000017da    0x22  zero_init3.o [5]
  .text                ro code  0x000017fc    0x4e  FltToDbl.o [4]
  .text                ro code  0x0000184c    0xe8  DblAdd.o [4]
  .text                ro code  0x00001934    0x90  DblToFlt.o [4]
  .text                ro code  0x000019c4    0x50  MK60_DWT.o [1]
  .text                ro code  0x00001a14   0x16c  DblSub.o [4]
  Veneer               ro code  0x00001b80     0x8  - Linker created -
  .text                ro code  0x00001b88   0x200  MK60_mcg.o [1]
  .text                ro code  0x00001d88    0xd8  system_MK60DZ10.o [1]
  .text                ro code  0x00001e60    0x2c  MK60_wdog.o [1]
  .text                ro code  0x00001e8c    0x76  ABImemcpy_unaligned.o [5]
  .text                ro code  0x00001f04     0xc  misc.o [1]
  .text                ro code  0x00001f10     0x6  ABImemclr.o [5]
  .text                ro code  0x00001f18    0x5e  ABImemset.o [5]
  .data_init                    0x00001f78    0xa8  <Block>
    Initializer bytes  ro data  0x00001f78    0xa8  <for .data-1>
  CodeRelocate                  0x00002020    0x3c  <Block>
    Initializer bytes  ro data  0x00002020    0x3c  <for CodeRelocateRam-1>
  .text                ro code  0x0000205c    0x28  data_init.o [5]
  .iar.init_table      const    0x00002084    0x10  - Linker created -
  .text                ro code  0x00002094    0x1a  fpinit_M.o [4]
  .text                ro code  0x000020b0    0x1a  cmain.o [5]
  .text                ro code  0x000020ca     0x4  exit.o [3]
  .text                ro code  0x000020d0     0xa  cexit.o [5]
  .text                ro code  0x000020dc     0xc  XXexit.o [5]
  .text                ro code  0x000020e8     0xc  cstartup_M.o [5]
  .text                ro code  0x000020f4     0x4  MK60_conf.o [1]
                              - 0x000020f8  0x1ce0

"P2":                                         0xf0
  .data                         0x1fff0410    0xa8  <Block>
    .data-1                     0x1fff0410    0xa8  <Init block>
      .data            inited   0x1fff0410     0x4  keyboard16.o [1]
      .data            inited   0x1fff0414     0x8  MK60_adc.o [1]
      .data            inited   0x1fff041c    0x14  MK60_gpio.o [1]
      .data            inited   0x1fff0430    0x58  MK60_mcg.o [1]
      .data            inited   0x1fff0488     0x4  MK60_mcg.o [1]
      .data            inited   0x1fff048c    0x14  MK60_port.o [1]
      .data            inited   0x1fff04a0    0x18  MK60_uart.o [1]
  CodeRelocateRam               0x1fff04b8    0x3c  <Block>
    CodeRelocateRam-1           0x1fff04b8    0x3c  <Init block>
      .textrw          inited   0x1fff04b8    0x3c  MK60_mcg.o [1]
  .bss                          0x1fff04f4     0xc  <Block>
    .bss               zero     0x1fff04f4     0xc  system_MK60DZ10.o [1]
                              - 0x1fff0500    0xf0


*******************************************************************************
*** INIT TABLE
***

          Address     Size
          -------     ----
Zero (__iar_zero_init3)
    1 destination range, total size 0xc:
          0x1fff04f4   0xc



*******************************************************************************
*** MODULE SUMMARY
***

    Module                 ro code  rw code  ro data  rw data
    ------                 -------  -------  -------  -------
C:\Users\1\Desktop\¿¨¶ûÂüÂË²¨03\Prj\IAR\FX15_Release\Obj: [1]
    LCD.o                    3 096
    MK60_DWT.o                  80
    MK60_adc.o                 296                 8        8
    MK60_conf.o                  4
    MK60_gpio.o                 72                20       20
    MK60_mcg.o                 512       60      152       92
    MK60_port.o                 60                20       20
    MK60_uart.o                380                24       24
    MK60_wdog.o                 44
    VCAN_computer.o             70
    kalman_filter.o            132
    keyboard16.o               428                 4        4
    main.o                     524
    misc.o                      12
    startup_MK60DZ10.o           8
    system_MK60DZ10.o          216                         12
    vectors.o                                  1 040
    ---------------------------------------------------------
    Total:                   5 934       60    1 268      180

command line: [2]
    ---------------------------------------------------------
    Total:

dl7M_tlf.a: [3]
    exit.o                       4
    ---------------------------------------------------------
    Total:                       4

m7M_tlv.a: [4]
    DblAdd.o                   232
    DblSub.o                   364
    DblToFlt.o                 144
    FltToDbl.o                  78
    fpinit_M.o                  26
    ---------------------------------------------------------
    Total:                     844

rt7M_tl.a: [5]
    ABImemclr.o                  6
    ABImemcpy_unaligned.o      118
    ABImemset.o                 94
    XXexit.o                    12
    cexit.o                     10
    cmain.o                     26
    cstartup_M.o                12
    data_init.o                 40
    zero_init3.o                34
    ---------------------------------------------------------
    Total:                     352

    Gaps                        12
    Linker created               8                16
-------------------------------------------------------------
    Grand Total:             7 154       60    1 284      180


*******************************************************************************
*** ENTRY LIST
***

Entry                      Address   Size  Type      Object
-----                      -------   ----  ----      ------
.bss$$Base              0x1fff04f4          --   Gb  - Linker created -
.bss$$Limit             0x1fff0500          --   Gb  - Linker created -
.data$$Base             0x1fff0410          --   Gb  - Linker created -
.data$$Limit            0x1fff04b8          --   Gb  - Linker created -
.data_init$$Base        0x00001f78          --   Gb  - Linker created -
.data_init$$Limit       0x00002020          --   Gb  - Linker created -
?main                   0x000020b1         Code  Gb  cmain.o [5]
ADCN                    0x1fff0414    0x8  Data  Gb  MK60_adc.o [1]
CodeRelocate$$Base      0x00002020          --   Gb  - Linker created -
CodeRelocate$$Limit     0x0000205c          --   Gb  - Linker created -
CodeRelocateRam$$Base   0x1fff04b8          --   Gb  - Linker created -
CodeRelocateRam$$Limit  0x1fff04f4          --   Gb  - Linker created -
Display                 0x000007e1  0x110  Code  Gb  LCD.o [1]
F14x16                  0x00000944   0xfc  Data  Gb  LCD.o [1]
F14x16_Idx              0x00000930   0x14  Data  Gb  LCD.o [1]
F8X16                   0x00000a40  0x5f0  Data  Gb  LCD.o [1]
GPIOX                   0x1fff041c   0x14  Data  Gb  MK60_gpio.o [1]
LCD_Fill                0x00000483   0x30  Code  Gb  LCD.o [1]
LCD_Init                0x000004b3   0xf8  Code  Gb  LCD.o [1]
LCD_P14x16Str           0x00000679  0x118  Code  Gb  LCD.o [1]
LCD_P8x16Str            0x000005ab   0xce  Code  Gb  LCD.o [1]
LCD_Print               0x00000791   0x50  Code  Gb  LCD.o [1]
LCD_WrCmd               0x00000451   0x32  Code  Gb  LCD.o [1]
LCD_WrDat               0x00000419   0x38  Code  Gb  LCD.o [1]
PORTX                   0x1fff048c   0x14  Data  Gb  MK60_port.o [1]
Region$$Table$$Base     0x00002084          --   Gb  - Linker created -
Region$$Table$$Limit    0x00002094          --   Gb  - Linker created -
Reset_Handler           0x00000411         Code  Gb  startup_MK60DZ10.o [1]
UARTN                   0x1fff04a0   0x18  Data  Gb  MK60_uart.o [1]
__BOOT_STACK_ADDRESS {Abs}
                        0x2000fff8          --   Gb  command line/config [2]
__VECTOR_RAM {Abs}      0x1fff0000          --   Gb  command line/config [2]
__VECTOR_TABLE {Abs}    0x00000000          --   Gb  command line/config [2]
__aeabi_d2f             0x00001935         Code  Gb  DblToFlt.o [4]
__aeabi_dadd            0x0000184d         Code  Gb  DblAdd.o [4]
__aeabi_f2d             0x000017fd         Code  Gb  FltToDbl.o [4]
__aeabi_memclr          0x00001f11         Code  Gb  ABImemclr.o [5]
__as_entries_start      0xffffffff          --   Gb  command line/config [2]
__as_table_start        0xffffffff          --   Gb  command line/config [2]
__cmain                 0x000020b1         Code  Gb  cmain.o [5]
__code_start__ {Abs}    0x00000410          --   Gb  command line/config [2]
__exit                  0x000020dd         Code  Gb  XXexit.o [5]
__iar_Memset_word       0x00001f19         Code  Gb  ABImemset.o [5]
__iar_dadd              0x00001861         Code  Gb  DblAdd.o [4]
__iar_data_init3        0x0000205d   0x28  Code  Gb  data_init.o [5]
__iar_dsub              0x00001a15         Code  Gb  DblSub.o [4]
__iar_dsubStart         0x00001a27         Code  Gb  DblSub.o [4]
__iar_init_vfp          0x00002095         Code  Gb  fpinit_M.o [4]
__iar_program_start     0x000020e9         Code  Gb  cstartup_M.o [5]
__iar_unaligned___aeabi_memcpy
                        0x00001e8d         Code  Gb  ABImemcpy_unaligned.o [5]
__iar_unaligned___aeabi_memcpy4
                        0x00001ead         Code  Gb  ABImemcpy_unaligned.o [5]
__iar_unaligned___aeabi_memcpy8
                        0x00001ead         Code  Gb  ABImemcpy_unaligned.o [5]
__iar_zero_init3        0x000017db   0x22  Code  Gb  zero_init3.o [5]
__vector_table          0x00000000  0x410  Data  Gb  vectors.o [1]
_call_main              0x000020bd         Code  Gb  cmain.o [5]
_exit                   0x000020d1         Code  Gb  cexit.o [5]
_main                   0x000020c7         Code  Gb  cmain.o [5]
adc_init                0x000012c1   0xea  Code  Gb  MK60_adc.o [1]
adc_once                0x000013ab   0x36  Code  Gb  MK60_adc.o [1]
bus_clk_khz             0x1fff04fc    0x4  Data  Gb  system_MK60DZ10.o [1]
common_startup          0x00001de5   0x48  Code  Gb  system_MK60DZ10.o [1]
core_clk_khz            0x1fff04f4    0x4  Data  Gb  system_MK60DZ10.o [1]
core_clk_mhz            0x1fff04f8    0x4  Data  Gb  system_MK60DZ10.o [1]
default_isr             0x000020f5    0x2  Code  Gb  MK60_conf.o [1]
dwt_delay_ms            0x000019c5   0x42  Code  Gb  MK60_DWT.o [1]
exit                    0x000020cb    0x4  Code  Gb  exit.o [3]
gpio_init               0x00001031   0x42  Code  Gb  MK60_gpio.o [1]
kalman1_filter          0x0000172f   0x5e  Code  Gb  kalman_filter.o [1]
kalman1_init            0x00001711   0x1e  Code  Gb  kalman_filter.o [1]
key                     0x1fff0410    0x4  Data  Gb  keyboard16.o [1]
key16_init              0x00001565   0x56  Code  Gb  keyboard16.o [1]
key16_scan              0x000015bb  0x14e  Code  Gb  keyboard16.o [1]
main                    0x000010b5  0x20c  Code  Gb  main.o [1]
mcg_cfg                 0x1fff0430   0x58  Data  Gb  MK60_mcg.o [1]
mcg_div                 0x1fff0488    0x4  Data  Gb  MK60_mcg.o [1]
mcg_div_count           0x00001b89  0x176  Code  Gb  MK60_mcg.o [1]
pll_init                0x00001cff   0x7c  Code  Gb  MK60_mcg.o [1]
port_init               0x00001079   0x2c  Code  Gb  MK60_port.o [1]
set_sys_dividers        0x1fff04b9   0x3c  Code  Gb  MK60_mcg.o [1]
start                   0x00001d89   0x28  Code  Gb  system_MK60DZ10.o [1]
sysinit                 0x00001db1   0x34  Code  Gb  system_MK60DZ10.o [1]
uart_init               0x000013e9  0x148  Code  Gb  MK60_uart.o [1]
uart_putbuff            0x00001531   0x24  Code  Gb  MK60_uart.o [1]
vcan_sendware           0x000017bd   0x16  Code  Gb  VCAN_computer.o [1]
wdog_disable            0x00001e61   0x26  Code  Gb  MK60_wdog.o [1]
write_vtor              0x00001f05    0x6  Code  Gb  misc.o [1]


[1] = C:\Users\1\Desktop\¿¨¶ûÂüÂË²¨03\Prj\IAR\FX15_Release\Obj
[2] = command line
[3] = dl7M_tlf.a
[4] = m7M_tlv.a
[5] = rt7M_tl.a

  7 154 bytes of readonly  code memory
     60 bytes of readwrite code memory
  1 284 bytes of readonly  data memory
    180 bytes of readwrite data memory

Errors: none
Warnings: none
